// Jest Snapshot v1, https://goo.gl/fbAQLP

exports[`renders Header 1`] = `
<div>
  <div
    class="makeStyles-root-1"
  >
    <header
      class="MuiPaper-root MuiAppBar-root makeStyles-root-2 MuiAppBar-positionFixed MuiAppBar-colorPrimary mui-fixed MuiPaper-elevation4"
    >
      <div
        class="MuiToolbar-root MuiToolbar-regular makeStyles-regular-3 MuiToolbar-gutters"
      >
        <h1>
          Trip summary
        </h1>
      </div>
    </header>
  </div>
</div>
`;
